2026-09-05 18:43:30.267 [main] INFO  c.j.xiaojiashu.oss.biz.XiaojiashuOssApplication - Starting XiaojiashuOssApplication using Java 17.0.15 with PID 25688 (D:\jiahuiling\Java\xiaojiashu\xiaojiashu-oss\xiaojiashu-oss-biz\target\classes started by LENOVO in D:\jiahuiling\Java\xiaojiashu)
2026-09-05 18:43:30.269 [main] INFO  c.j.xiaojiashu.oss.biz.XiaojiashuOssApplication - The following 1 profile is active: "dev"
2026-09-05 18:43:31.139 [main] INFO  o.s.boot.web.embedded.tomcat.TomcatWebServer - Tomcat initialized with port(s): 8081 (http)
2026-09-05 18:43:31.152 [main] INFO  org.apache.catalina.core.StandardService - Starting service [Tomcat]
2026-09-05 18:43:31.152 [main] INFO  org.apache.catalina.core.StandardEngine - Starting Servlet engine: [Apache Tomcat/10.1.5]
2026-09-05 18:43:31.263 [main] INFO  o.a.c.core.ContainerBase.[Tomcat].[localhost].[/] - Initializing Spring embedded WebApplicationContext
2026-09-05 18:43:31.264 [main] INFO  o.s.b.w.s.c.ServletWebServerApplicationContext - Root WebApplicationContext: initialization completed in 951 ms
2026-09-05 18:43:31.756 [main] INFO  o.s.boot.web.embedded.tomcat.TomcatWebServer - Tomcat started on port(s): 8081 (http) with context path ''
2026-09-05 18:43:31.772 [main] INFO  c.j.xiaojiashu.oss.biz.XiaojiashuOssApplication - Started XiaojiashuOssApplication in 2.268 seconds (process running for 3.048)
2026-09-05 19:05:32.374 [main] INFO  c.j.xiaojiashu.oss.biz.XiaojiashuOssApplication - Starting XiaojiashuOssApplication using Java 17.0.15 with PID 18304 (D:\jiahuiling\Java\xiaojiashu\xiaojiashu-oss\xiaojiashu-oss-biz\target\classes started by LENOVO in D:\jiahuiling\Java\xiaojiashu)
2026-09-05 19:05:32.377 [main] INFO  c.j.xiaojiashu.oss.biz.XiaojiashuOssApplication - The following 1 profile is active: "dev"
2026-09-05 19:05:33.722 [main] INFO  o.s.boot.web.embedded.tomcat.TomcatWebServer - Tomcat initialized with port(s): 8081 (http)
2026-09-05 19:05:33.742 [main] INFO  org.apache.catalina.core.StandardService - Starting service [Tomcat]
2026-09-05 19:05:33.742 [main] INFO  org.apache.catalina.core.StandardEngine - Starting Servlet engine: [Apache Tomcat/10.1.5]
2026-09-05 19:05:33.965 [main] INFO  o.a.c.core.ContainerBase.[Tomcat].[localhost].[/] - Initializing Spring embedded WebApplicationContext
2026-09-05 19:05:33.966 [main] INFO  o.s.b.w.s.c.ServletWebServerApplicationContext - Root WebApplicationContext: initialization completed in 1538 ms
2026-09-05 19:05:35.170 [main] INFO  o.s.boot.web.embedded.tomcat.TomcatWebServer - Tomcat started on port(s): 8081 (http) with context path ''
2026-09-05 19:05:35.195 [main] INFO  c.j.xiaojiashu.oss.biz.XiaojiashuOssApplication - Started XiaojiashuOssApplication in 3.699 seconds (process running for 4.435)
2026-09-05 19:07:26.050 [http-nio-8081-exec-1] INFO  o.a.c.core.ContainerBase.[Tomcat].[localhost].[/] - Initializing Spring DispatcherServlet 'dispatcherServlet'
2026-09-05 19:07:26.050 [http-nio-8081-exec-1] INFO  org.springframework.web.servlet.DispatcherServlet - Initializing Servlet 'dispatcherServlet'
2026-09-05 19:07:26.052 [http-nio-8081-exec-1] INFO  org.springframework.web.servlet.DispatcherServlet - Completed initialization in 1 ms
2026-09-05 19:07:26.096 [http-nio-8081-exec-1] WARN  o.s.w.s.m.support.DefaultHandlerExceptionResolver - Resolved [org.springframework.web.HttpMediaTypeNotSupportedException: Content-Type 'application/json' is not supported]
2026-09-05 19:08:44.599 [http-nio-8081-exec-5] WARN  o.s.w.s.m.support.DefaultHandlerExceptionResolver - Resolved [org.springframework.web.multipart.support.MissingServletRequestPartException: Required part 'file' is not present.]
2026-09-05 19:09:26.822 [http-nio-8081-exec-7] WARN  o.s.w.s.m.support.DefaultHandlerExceptionResolver - Resolved [org.springframework.web.multipart.support.MissingServletRequestPartException: Required part 'file' is not present.]
2026-09-05 19:09:58.437 [main] INFO  c.j.xiaojiashu.oss.biz.XiaojiashuOssApplication - Starting XiaojiashuOssApplication using Java 17.0.15 with PID 27300 (D:\jiahuiling\Java\xiaojiashu\xiaojiashu-oss\xiaojiashu-oss-biz\target\classes started by LENOVO in D:\jiahuiling\Java\xiaojiashu)
2026-09-05 19:09:58.443 [main] INFO  c.j.xiaojiashu.oss.biz.XiaojiashuOssApplication - The following 1 profile is active: "dev"
2026-09-05 19:10:00.208 [main] INFO  o.s.boot.web.embedded.tomcat.TomcatWebServer - Tomcat initialized with port(s): 8081 (http)
2026-09-05 19:10:00.221 [main] INFO  org.apache.catalina.core.StandardService - Starting service [Tomcat]
2026-09-05 19:10:00.221 [main] INFO  org.apache.catalina.core.StandardEngine - Starting Servlet engine: [Apache Tomcat/10.1.5]
2026-09-05 19:10:00.338 [main] INFO  o.a.c.core.ContainerBase.[Tomcat].[localhost].[/] - Initializing Spring embedded WebApplicationContext
2026-09-05 19:10:00.339 [main] INFO  o.s.b.w.s.c.ServletWebServerApplicationContext - Root WebApplicationContext: initialization completed in 1792 ms
2026-09-05 19:10:00.748 [main] INFO  o.s.boot.web.embedded.tomcat.TomcatWebServer - Tomcat started on port(s): 8081 (http) with context path ''
2026-09-05 19:10:00.756 [main] INFO  c.j.xiaojiashu.oss.biz.XiaojiashuOssApplication - Started XiaojiashuOssApplication in 3.704 seconds (process running for 4.341)
2026-09-05 19:13:34.006 [main] INFO  c.j.xiaojiashu.oss.biz.XiaojiashuOssApplication - Starting XiaojiashuOssApplication using Java 17.0.15 with PID 24560 (D:\jiahuiling\Java\xiaojiashu\xiaojiashu-oss\xiaojiashu-oss-biz\target\classes started by LENOVO in D:\jiahuiling\Java\xiaojiashu)
2026-09-05 19:13:34.008 [main] INFO  c.j.xiaojiashu.oss.biz.XiaojiashuOssApplication - The following 1 profile is active: "dev"
2026-09-05 19:13:35.134 [main] INFO  o.s.boot.web.embedded.tomcat.TomcatWebServer - Tomcat initialized with port(s): 8081 (http)
2026-09-05 19:13:35.146 [main] INFO  org.apache.catalina.core.StandardService - Starting service [Tomcat]
2026-09-05 19:13:35.147 [main] INFO  org.apache.catalina.core.StandardEngine - Starting Servlet engine: [Apache Tomcat/10.1.5]
2026-09-05 19:13:35.288 [main] INFO  o.a.c.core.ContainerBase.[Tomcat].[localhost].[/] - Initializing Spring embedded WebApplicationContext
2026-09-05 19:13:35.288 [main] INFO  o.s.b.w.s.c.ServletWebServerApplicationContext - Root WebApplicationContext: initialization completed in 1227 ms
2026-09-05 19:13:36.046 [main] INFO  o.s.boot.web.embedded.tomcat.TomcatWebServer - Tomcat started on port(s): 8081 (http) with context path ''
2026-09-05 19:13:36.067 [main] INFO  c.j.xiaojiashu.oss.biz.XiaojiashuOssApplication - Started XiaojiashuOssApplication in 2.751 seconds (process running for 3.393)
2026-09-05 19:14:11.980 [http-nio-8081-exec-1] INFO  o.a.c.core.ContainerBase.[Tomcat].[localhost].[/] - Initializing Spring DispatcherServlet 'dispatcherServlet'
2026-09-05 19:14:11.980 [http-nio-8081-exec-1] INFO  org.springframework.web.servlet.DispatcherServlet - Initializing Servlet 'dispatcherServlet'
2026-09-05 19:14:11.982 [http-nio-8081-exec-1] INFO  org.springframework.web.servlet.DispatcherServlet - Completed initialization in 2 ms
2026-09-05 19:14:12.089 [http-nio-8081-exec-1] WARN  o.s.w.s.m.support.DefaultHandlerExceptionResolver - Resolved [org.springframework.web.multipart.support.MissingServletRequestPartException: Required part 'file' is not present.]
2026-09-05 19:15:08.232 [http-nio-8081-exec-8] ERROR o.a.c.c.C.[.[localhost].[/].[dispatcherServlet] - Servlet.service() for servlet [dispatcherServlet] in context with path [] threw exception [Request processing failed: org.springframework.web.multipart.MaxUploadSizeExceededException: Maximum upload size exceeded] with root cause
org.apache.tomcat.util.http.fileupload.impl.FileSizeLimitExceededException: The field file exceeds its maximum permitted size of 1048576 bytes.
	at org.apache.tomcat.util.http.fileupload.impl.FileItemStreamImpl$1.raiseError(FileItemStreamImpl.java:117)
	at org.apache.tomcat.util.http.fileupload.util.LimitedInputStream.checkLimit(LimitedInputStream.java:76)
	at org.apache.tomcat.util.http.fileupload.util.LimitedInputStream.read(LimitedInputStream.java:135)
	at java.base/java.io.FilterInputStream.read(FilterInputStream.java:106)
	at org.apache.tomcat.util.http.fileupload.util.Streams.copy(Streams.java:96)
	at org.apache.tomcat.util.http.fileupload.FileUploadBase.parseRequest(FileUploadBase.java:292)
	at org.apache.catalina.connector.Request.parseParts(Request.java:2884)
	at org.apache.catalina.connector.Request.getParts(Request.java:2778)
	at org.apache.catalina.connector.RequestFacade.getParts(RequestFacade.java:1074)
	at org.springframework.web.multipart.support.StandardMultipartHttpServletRequest.parseRequest(StandardMultipartHttpServletRequest.java:93)
	at org.springframework.web.multipart.support.StandardMultipartHttpServletRequest.<init>(StandardMultipartHttpServletRequest.java:86)
	at org.springframework.web.multipart.support.StandardServletMultipartResolver.resolveMultipart(StandardServletMultipartResolver.java:112)
	at org.springframework.web.servlet.DispatcherServlet.checkMultipart(DispatcherServlet.java:1218)
	at org.springframework.web.servlet.DispatcherServlet.doDispatch(DispatcherServlet.java:1052)
	at org.springframework.web.servlet.DispatcherServlet.doService(DispatcherServlet.java:973)
	at org.springframework.web.servlet.FrameworkServlet.processRequest(FrameworkServlet.java:1011)
	at org.springframework.web.servlet.FrameworkServlet.doPost(FrameworkServlet.java:914)
	at jakarta.servlet.http.HttpServlet.service(HttpServlet.java:731)
	at org.springframework.web.servlet.FrameworkServlet.service(FrameworkServlet.java:885)
	at jakarta.servlet.http.HttpServlet.service(HttpServlet.java:814)
	at org.apache.catalina.core.ApplicationFilterChain.internalDoFilter(ApplicationFilterChain.java:223)
	at org.apache.catalina.core.ApplicationFilterChain.doFilter(ApplicationFilterChain.java:158)
	at org.apache.tomcat.websocket.server.WsFilter.doFilter(WsFilter.java:53)
	at org.apache.catalina.core.ApplicationFilterChain.internalDoFilter(ApplicationFilterChain.java:185)
	at org.apache.catalina.core.ApplicationFilterChain.doFilter(ApplicationFilterChain.java:158)
	at org.springframework.web.filter.RequestContextFilter.doFilterInternal(RequestContextFilter.java:100)
	at org.springframework.web.filter.OncePerRequestFilter.doFilter(OncePerRequestFilter.java:116)
	at org.apache.catalina.core.ApplicationFilterChain.internalDoFilter(ApplicationFilterChain.java:185)
	at org.apache.catalina.core.ApplicationFilterChain.doFilter(ApplicationFilterChain.java:158)
	at org.springframework.web.filter.FormContentFilter.doFilterInternal(FormContentFilter.java:93)
	at org.springframework.web.filter.OncePerRequestFilter.doFilter(OncePerRequestFilter.java:116)
	at org.apache.catalina.core.ApplicationFilterChain.internalDoFilter(ApplicationFilterChain.java:185)
	at org.apache.catalina.core.ApplicationFilterChain.doFilter(ApplicationFilterChain.java:158)
	at org.springframework.web.filter.CharacterEncodingFilter.doFilterInternal(CharacterEncodingFilter.java:201)
	at org.springframework.web.filter.OncePerRequestFilter.doFilter(OncePerRequestFilter.java:116)
	at org.apache.catalina.core.ApplicationFilterChain.internalDoFilter(ApplicationFilterChain.java:185)
	at org.apache.catalina.core.ApplicationFilterChain.doFilter(ApplicationFilterChain.java:158)
	at org.apache.catalina.core.StandardWrapperValve.invoke(StandardWrapperValve.java:177)
	at org.apache.catalina.core.StandardContextValve.invoke(StandardContextValve.java:97)
	at org.apache.catalina.authenticator.AuthenticatorBase.invoke(AuthenticatorBase.java:542)
	at org.apache.catalina.core.StandardHostValve.invoke(StandardHostValve.java:119)
	at org.apache.catalina.valves.ErrorReportValve.invoke(ErrorReportValve.java:92)
	at org.apache.catalina.core.StandardEngineValve.invoke(StandardEngineValve.java:78)
	at org.apache.catalina.connector.CoyoteAdapter.service(CoyoteAdapter.java:357)
	at org.apache.coyote.http11.Http11Processor.service(Http11Processor.java:400)
	at org.apache.coyote.AbstractProcessorLight.process(AbstractProcessorLight.java:65)
	at org.apache.coyote.AbstractProtocol$ConnectionHandler.process(AbstractProtocol.java:859)
	at org.apache.tomcat.util.net.NioEndpoint$SocketProcessor.doRun(NioEndpoint.java:1734)
	at org.apache.tomcat.util.net.SocketProcessorBase.run(SocketProcessorBase.java:52)
	at org.apache.tomcat.util.threads.ThreadPoolExecutor.runWorker(ThreadPoolExecutor.java:1191)
	at org.apache.tomcat.util.threads.ThreadPoolExecutor$Worker.run(ThreadPoolExecutor.java:659)
	at org.apache.tomcat.util.threads.TaskThread$WrappingRunnable.run(TaskThread.java:61)
	at java.base/java.lang.Thread.run(Thread.java:840)
2026-09-05 19:15:12.665 [http-nio-8081-exec-5] ERROR o.a.c.c.C.[.[localhost].[/].[dispatcherServlet] - Servlet.service() for servlet [dispatcherServlet] in context with path [] threw exception [Request processing failed: org.springframework.web.multipart.MaxUploadSizeExceededException: Maximum upload size exceeded] with root cause
org.apache.tomcat.util.http.fileupload.impl.FileSizeLimitExceededException: The field file exceeds its maximum permitted size of 1048576 bytes.
	at org.apache.tomcat.util.http.fileupload.impl.FileItemStreamImpl$1.raiseError(FileItemStreamImpl.java:117)
	at org.apache.tomcat.util.http.fileupload.util.LimitedInputStream.checkLimit(LimitedInputStream.java:76)
	at org.apache.tomcat.util.http.fileupload.util.LimitedInputStream.read(LimitedInputStream.java:135)
	at java.base/java.io.FilterInputStream.read(FilterInputStream.java:106)
	at org.apache.tomcat.util.http.fileupload.util.Streams.copy(Streams.java:96)
	at org.apache.tomcat.util.http.fileupload.FileUploadBase.parseRequest(FileUploadBase.java:292)
	at org.apache.catalina.connector.Request.parseParts(Request.java:2884)
	at org.apache.catalina.connector.Request.getParts(Request.java:2778)
	at org.apache.catalina.connector.RequestFacade.getParts(RequestFacade.java:1074)
	at org.springframework.web.multipart.support.StandardMultipartHttpServletRequest.parseRequest(StandardMultipartHttpServletRequest.java:93)
	at org.springframework.web.multipart.support.StandardMultipartHttpServletRequest.<init>(StandardMultipartHttpServletRequest.java:86)
	at org.springframework.web.multipart.support.StandardServletMultipartResolver.resolveMultipart(StandardServletMultipartResolver.java:112)
	at org.springframework.web.servlet.DispatcherServlet.checkMultipart(DispatcherServlet.java:1218)
	at org.springframework.web.servlet.DispatcherServlet.doDispatch(DispatcherServlet.java:1052)
	at org.springframework.web.servlet.DispatcherServlet.doService(DispatcherServlet.java:973)
	at org.springframework.web.servlet.FrameworkServlet.processRequest(FrameworkServlet.java:1011)
	at org.springframework.web.servlet.FrameworkServlet.doPost(FrameworkServlet.java:914)
	at jakarta.servlet.http.HttpServlet.service(HttpServlet.java:731)
	at org.springframework.web.servlet.FrameworkServlet.service(FrameworkServlet.java:885)
	at jakarta.servlet.http.HttpServlet.service(HttpServlet.java:814)
	at org.apache.catalina.core.ApplicationFilterChain.internalDoFilter(ApplicationFilterChain.java:223)
	at org.apache.catalina.core.ApplicationFilterChain.doFilter(ApplicationFilterChain.java:158)
	at org.apache.tomcat.websocket.server.WsFilter.doFilter(WsFilter.java:53)
	at org.apache.catalina.core.ApplicationFilterChain.internalDoFilter(ApplicationFilterChain.java:185)
	at org.apache.catalina.core.ApplicationFilterChain.doFilter(ApplicationFilterChain.java:158)
	at org.springframework.web.filter.RequestContextFilter.doFilterInternal(RequestContextFilter.java:100)
	at org.springframework.web.filter.OncePerRequestFilter.doFilter(OncePerRequestFilter.java:116)
	at org.apache.catalina.core.ApplicationFilterChain.internalDoFilter(ApplicationFilterChain.java:185)
	at org.apache.catalina.core.ApplicationFilterChain.doFilter(ApplicationFilterChain.java:158)
	at org.springframework.web.filter.FormContentFilter.doFilterInternal(FormContentFilter.java:93)
	at org.springframework.web.filter.OncePerRequestFilter.doFilter(OncePerRequestFilter.java:116)
	at org.apache.catalina.core.ApplicationFilterChain.internalDoFilter(ApplicationFilterChain.java:185)
	at org.apache.catalina.core.ApplicationFilterChain.doFilter(ApplicationFilterChain.java:158)
	at org.springframework.web.filter.CharacterEncodingFilter.doFilterInternal(CharacterEncodingFilter.java:201)
	at org.springframework.web.filter.OncePerRequestFilter.doFilter(OncePerRequestFilter.java:116)
	at org.apache.catalina.core.ApplicationFilterChain.internalDoFilter(ApplicationFilterChain.java:185)
	at org.apache.catalina.core.ApplicationFilterChain.doFilter(ApplicationFilterChain.java:158)
	at org.apache.catalina.core.StandardWrapperValve.invoke(StandardWrapperValve.java:177)
	at org.apache.catalina.core.StandardContextValve.invoke(StandardContextValve.java:97)
	at org.apache.catalina.authenticator.AuthenticatorBase.invoke(AuthenticatorBase.java:542)
	at org.apache.catalina.core.StandardHostValve.invoke(StandardHostValve.java:119)
	at org.apache.catalina.valves.ErrorReportValve.invoke(ErrorReportValve.java:92)
	at org.apache.catalina.core.StandardEngineValve.invoke(StandardEngineValve.java:78)
	at org.apache.catalina.connector.CoyoteAdapter.service(CoyoteAdapter.java:357)
	at org.apache.coyote.http11.Http11Processor.service(Http11Processor.java:400)
	at org.apache.coyote.AbstractProcessorLight.process(AbstractProcessorLight.java:65)
	at org.apache.coyote.AbstractProtocol$ConnectionHandler.process(AbstractProtocol.java:859)
	at org.apache.tomcat.util.net.NioEndpoint$SocketProcessor.doRun(NioEndpoint.java:1734)
	at org.apache.tomcat.util.net.SocketProcessorBase.run(SocketProcessorBase.java:52)
	at org.apache.tomcat.util.threads.ThreadPoolExecutor.runWorker(ThreadPoolExecutor.java:1191)
	at org.apache.tomcat.util.threads.ThreadPoolExecutor$Worker.run(ThreadPoolExecutor.java:659)
	at org.apache.tomcat.util.threads.TaskThread$WrappingRunnable.run(TaskThread.java:61)
	at java.base/java.lang.Thread.run(Thread.java:840)
2026-09-05 19:15:30.695 [http-nio-8081-exec-4] ERROR o.a.c.c.C.[.[localhost].[/].[dispatcherServlet] - Servlet.service() for servlet [dispatcherServlet] in context with path [] threw exception [Request processing failed: org.springframework.web.multipart.MaxUploadSizeExceededException: Maximum upload size exceeded] with root cause
org.apache.tomcat.util.http.fileupload.impl.FileSizeLimitExceededException: The field file exceeds its maximum permitted size of 1048576 bytes.
	at org.apache.tomcat.util.http.fileupload.impl.FileItemStreamImpl$1.raiseError(FileItemStreamImpl.java:117)
	at org.apache.tomcat.util.http.fileupload.util.LimitedInputStream.checkLimit(LimitedInputStream.java:76)
	at org.apache.tomcat.util.http.fileupload.util.LimitedInputStream.read(LimitedInputStream.java:135)
	at java.base/java.io.FilterInputStream.read(FilterInputStream.java:106)
	at org.apache.tomcat.util.http.fileupload.util.Streams.copy(Streams.java:96)
	at org.apache.tomcat.util.http.fileupload.FileUploadBase.parseRequest(FileUploadBase.java:292)
	at org.apache.catalina.connector.Request.parseParts(Request.java:2884)
	at org.apache.catalina.connector.Request.getParts(Request.java:2778)
	at org.apache.catalina.connector.RequestFacade.getParts(RequestFacade.java:1074)
	at org.springframework.web.multipart.support.StandardMultipartHttpServletRequest.parseRequest(StandardMultipartHttpServletRequest.java:93)
	at org.springframework.web.multipart.support.StandardMultipartHttpServletRequest.<init>(StandardMultipartHttpServletRequest.java:86)
	at org.springframework.web.multipart.support.StandardServletMultipartResolver.resolveMultipart(StandardServletMultipartResolver.java:112)
	at org.springframework.web.servlet.DispatcherServlet.checkMultipart(DispatcherServlet.java:1218)
	at org.springframework.web.servlet.DispatcherServlet.doDispatch(DispatcherServlet.java:1052)
	at org.springframework.web.servlet.DispatcherServlet.doService(DispatcherServlet.java:973)
	at org.springframework.web.servlet.FrameworkServlet.processRequest(FrameworkServlet.java:1011)
	at org.springframework.web.servlet.FrameworkServlet.doPost(FrameworkServlet.java:914)
	at jakarta.servlet.http.HttpServlet.service(HttpServlet.java:731)
	at org.springframework.web.servlet.FrameworkServlet.service(FrameworkServlet.java:885)
	at jakarta.servlet.http.HttpServlet.service(HttpServlet.java:814)
	at org.apache.catalina.core.ApplicationFilterChain.internalDoFilter(ApplicationFilterChain.java:223)
	at org.apache.catalina.core.ApplicationFilterChain.doFilter(ApplicationFilterChain.java:158)
	at org.apache.tomcat.websocket.server.WsFilter.doFilter(WsFilter.java:53)
	at org.apache.catalina.core.ApplicationFilterChain.internalDoFilter(ApplicationFilterChain.java:185)
	at org.apache.catalina.core.ApplicationFilterChain.doFilter(ApplicationFilterChain.java:158)
	at org.springframework.web.filter.RequestContextFilter.doFilterInternal(RequestContextFilter.java:100)
	at org.springframework.web.filter.OncePerRequestFilter.doFilter(OncePerRequestFilter.java:116)
	at org.apache.catalina.core.ApplicationFilterChain.internalDoFilter(ApplicationFilterChain.java:185)
	at org.apache.catalina.core.ApplicationFilterChain.doFilter(ApplicationFilterChain.java:158)
	at org.springframework.web.filter.FormContentFilter.doFilterInternal(FormContentFilter.java:93)
	at org.springframework.web.filter.OncePerRequestFilter.doFilter(OncePerRequestFilter.java:116)
	at org.apache.catalina.core.ApplicationFilterChain.internalDoFilter(ApplicationFilterChain.java:185)
	at org.apache.catalina.core.ApplicationFilterChain.doFilter(ApplicationFilterChain.java:158)
	at org.springframework.web.filter.CharacterEncodingFilter.doFilterInternal(CharacterEncodingFilter.java:201)
	at org.springframework.web.filter.OncePerRequestFilter.doFilter(OncePerRequestFilter.java:116)
	at org.apache.catalina.core.ApplicationFilterChain.internalDoFilter(ApplicationFilterChain.java:185)
	at org.apache.catalina.core.ApplicationFilterChain.doFilter(ApplicationFilterChain.java:158)
	at org.apache.catalina.core.StandardWrapperValve.invoke(StandardWrapperValve.java:177)
	at org.apache.catalina.core.StandardContextValve.invoke(StandardContextValve.java:97)
	at org.apache.catalina.authenticator.AuthenticatorBase.invoke(AuthenticatorBase.java:542)
	at org.apache.catalina.core.StandardHostValve.invoke(StandardHostValve.java:119)
	at org.apache.catalina.valves.ErrorReportValve.invoke(ErrorReportValve.java:92)
	at org.apache.catalina.core.StandardEngineValve.invoke(StandardEngineValve.java:78)
	at org.apache.catalina.connector.CoyoteAdapter.service(CoyoteAdapter.java:357)
	at org.apache.coyote.http11.Http11Processor.service(Http11Processor.java:400)
	at org.apache.coyote.AbstractProcessorLight.process(AbstractProcessorLight.java:65)
	at org.apache.coyote.AbstractProtocol$ConnectionHandler.process(AbstractProtocol.java:859)
	at org.apache.tomcat.util.net.NioEndpoint$SocketProcessor.doRun(NioEndpoint.java:1734)
	at org.apache.tomcat.util.net.SocketProcessorBase.run(SocketProcessorBase.java:52)
	at org.apache.tomcat.util.threads.ThreadPoolExecutor.runWorker(ThreadPoolExecutor.java:1191)
	at org.apache.tomcat.util.threads.ThreadPoolExecutor$Worker.run(ThreadPoolExecutor.java:659)
	at org.apache.tomcat.util.threads.TaskThread$WrappingRunnable.run(TaskThread.java:61)
	at java.base/java.lang.Thread.run(Thread.java:840)
2026-09-05 19:15:39.563 [http-nio-8081-exec-10] ERROR o.a.c.c.C.[.[localhost].[/].[dispatcherServlet] - Servlet.service() for servlet [dispatcherServlet] in context with path [] threw exception [Request processing failed: org.springframework.web.multipart.MaxUploadSizeExceededException: Maximum upload size exceeded] with root cause
org.apache.tomcat.util.http.fileupload.impl.FileSizeLimitExceededException: The field file exceeds its maximum permitted size of 1048576 bytes.
	at org.apache.tomcat.util.http.fileupload.impl.FileItemStreamImpl$1.raiseError(FileItemStreamImpl.java:117)
	at org.apache.tomcat.util.http.fileupload.util.LimitedInputStream.checkLimit(LimitedInputStream.java:76)
	at org.apache.tomcat.util.http.fileupload.util.LimitedInputStream.read(LimitedInputStream.java:135)
	at java.base/java.io.FilterInputStream.read(FilterInputStream.java:106)
	at org.apache.tomcat.util.http.fileupload.util.Streams.copy(Streams.java:96)
	at org.apache.tomcat.util.http.fileupload.FileUploadBase.parseRequest(FileUploadBase.java:292)
	at org.apache.catalina.connector.Request.parseParts(Request.java:2884)
	at org.apache.catalina.connector.Request.getParts(Request.java:2778)
	at org.apache.catalina.connector.RequestFacade.getParts(RequestFacade.java:1074)
	at org.springframework.web.multipart.support.StandardMultipartHttpServletRequest.parseRequest(StandardMultipartHttpServletRequest.java:93)
	at org.springframework.web.multipart.support.StandardMultipartHttpServletRequest.<init>(StandardMultipartHttpServletRequest.java:86)
	at org.springframework.web.multipart.support.StandardServletMultipartResolver.resolveMultipart(StandardServletMultipartResolver.java:112)
	at org.springframework.web.servlet.DispatcherServlet.checkMultipart(DispatcherServlet.java:1218)
	at org.springframework.web.servlet.DispatcherServlet.doDispatch(DispatcherServlet.java:1052)
	at org.springframework.web.servlet.DispatcherServlet.doService(DispatcherServlet.java:973)
	at org.springframework.web.servlet.FrameworkServlet.processRequest(FrameworkServlet.java:1011)
	at org.springframework.web.servlet.FrameworkServlet.doPost(FrameworkServlet.java:914)
	at jakarta.servlet.http.HttpServlet.service(HttpServlet.java:731)
	at org.springframework.web.servlet.FrameworkServlet.service(FrameworkServlet.java:885)
	at jakarta.servlet.http.HttpServlet.service(HttpServlet.java:814)
	at org.apache.catalina.core.ApplicationFilterChain.internalDoFilter(ApplicationFilterChain.java:223)
	at org.apache.catalina.core.ApplicationFilterChain.doFilter(ApplicationFilterChain.java:158)
	at org.apache.tomcat.websocket.server.WsFilter.doFilter(WsFilter.java:53)
	at org.apache.catalina.core.ApplicationFilterChain.internalDoFilter(ApplicationFilterChain.java:185)
	at org.apache.catalina.core.ApplicationFilterChain.doFilter(ApplicationFilterChain.java:158)
	at org.springframework.web.filter.RequestContextFilter.doFilterInternal(RequestContextFilter.java:100)
	at org.springframework.web.filter.OncePerRequestFilter.doFilter(OncePerRequestFilter.java:116)
	at org.apache.catalina.core.ApplicationFilterChain.internalDoFilter(ApplicationFilterChain.java:185)
	at org.apache.catalina.core.ApplicationFilterChain.doFilter(ApplicationFilterChain.java:158)
	at org.springframework.web.filter.FormContentFilter.doFilterInternal(FormContentFilter.java:93)
	at org.springframework.web.filter.OncePerRequestFilter.doFilter(OncePerRequestFilter.java:116)
	at org.apache.catalina.core.ApplicationFilterChain.internalDoFilter(ApplicationFilterChain.java:185)
	at org.apache.catalina.core.ApplicationFilterChain.doFilter(ApplicationFilterChain.java:158)
	at org.springframework.web.filter.CharacterEncodingFilter.doFilterInternal(CharacterEncodingFilter.java:201)
	at org.springframework.web.filter.OncePerRequestFilter.doFilter(OncePerRequestFilter.java:116)
	at org.apache.catalina.core.ApplicationFilterChain.internalDoFilter(ApplicationFilterChain.java:185)
	at org.apache.catalina.core.ApplicationFilterChain.doFilter(ApplicationFilterChain.java:158)
	at org.apache.catalina.core.StandardWrapperValve.invoke(StandardWrapperValve.java:177)
	at org.apache.catalina.core.StandardContextValve.invoke(StandardContextValve.java:97)
	at org.apache.catalina.authenticator.AuthenticatorBase.invoke(AuthenticatorBase.java:542)
	at org.apache.catalina.core.StandardHostValve.invoke(StandardHostValve.java:119)
	at org.apache.catalina.valves.ErrorReportValve.invoke(ErrorReportValve.java:92)
	at org.apache.catalina.core.StandardEngineValve.invoke(StandardEngineValve.java:78)
	at org.apache.catalina.connector.CoyoteAdapter.service(CoyoteAdapter.java:357)
	at org.apache.coyote.http11.Http11Processor.service(Http11Processor.java:400)
	at org.apache.coyote.AbstractProcessorLight.process(AbstractProcessorLight.java:65)
	at org.apache.coyote.AbstractProtocol$ConnectionHandler.process(AbstractProtocol.java:859)
	at org.apache.tomcat.util.net.NioEndpoint$SocketProcessor.doRun(NioEndpoint.java:1734)
	at org.apache.tomcat.util.net.SocketProcessorBase.run(SocketProcessorBase.java:52)
	at org.apache.tomcat.util.threads.ThreadPoolExecutor.runWorker(ThreadPoolExecutor.java:1191)
	at org.apache.tomcat.util.threads.ThreadPoolExecutor$Worker.run(ThreadPoolExecutor.java:659)
	at org.apache.tomcat.util.threads.TaskThread$WrappingRunnable.run(TaskThread.java:61)
	at java.base/java.lang.Thread.run(Thread.java:840)
2026-09-05 19:17:30.862 [http-nio-8081-exec-2] INFO  c.j.x.oss.biz.strategy.Impl.AliyunOSSFileStrategy - ## 上传文件至阿里云 OSS ...
2026-09-05 19:18:01.255 [http-nio-8081-exec-3] INFO  c.j.x.oss.biz.strategy.Impl.AliyunOSSFileStrategy - ## 上传文件至阿里云 OSS ...
2026-09-05 19:19:47.995 [main] WARN  com.alibaba.nacos.client.logging.NacosLogging - Load Logback Configuration of Nacos fail, message: Could not initialize Logback Nacos logging from classpath:nacos-logback.xml
2026-09-05 19:19:48.058 [main] WARN  com.alibaba.nacos.client.logging.NacosLogging - Load Logback Configuration of Nacos fail, message: Could not initialize Logback Nacos logging from classpath:nacos-logback.xml
2026-09-05 19:19:48.884 [main] WARN  com.alibaba.nacos.client.logging.NacosLogging - Load Logback Configuration of Nacos fail, message: Could not initialize Logback Nacos logging from classpath:nacos-logback.xml
2026-09-05 19:19:48.901 [main] WARN  com.alibaba.nacos.client.logging.NacosLogging - Load Logback Configuration of Nacos fail, message: Could not initialize Logback Nacos logging from classpath:nacos-logback.xml
2026-09-05 19:19:48.902 [main] INFO  c.j.xiaojiashu.oss.biz.XiaojiashuOssApplication - The following 1 profile is active: "dev"
2026-09-05 19:19:50.078 [main] INFO  o.springframework.cloud.context.scope.GenericScope - BeanFactory id=33b491b4-0e31-3e0e-a15e-97d0a826eede
2026-09-05 19:19:51.016 [main] INFO  o.s.boot.web.embedded.tomcat.TomcatWebServer - Tomcat initialized with port(s): 8081 (http)
2026-09-05 19:19:51.054 [main] INFO  org.apache.catalina.core.StandardService - Starting service [Tomcat]
2026-09-05 19:19:51.056 [main] INFO  org.apache.catalina.core.StandardEngine - Starting Servlet engine: [Apache Tomcat/10.1.5]
2026-09-05 19:19:51.480 [main] INFO  o.a.c.core.ContainerBase.[Tomcat].[localhost].[/] - Initializing Spring embedded WebApplicationContext
2026-09-05 19:19:51.482 [main] INFO  o.s.b.w.s.c.ServletWebServerApplicationContext - Root WebApplicationContext: initialization completed in 2563 ms
2026-09-05 19:19:57.712 [main] INFO  o.s.boot.web.embedded.tomcat.TomcatWebServer - Tomcat started on port(s): 8081 (http) with context path ''
2026-09-05 19:19:57.729 [main] WARN  com.alibaba.nacos.client.logging.NacosLogging - Load Logback Configuration of Nacos fail, message: Could not initialize Logback Nacos logging from classpath:nacos-logback.xml
2026-09-05 19:19:57.729 [main] INFO  com.alibaba.nacos.client.naming - initializer namespace from ans.namespace attribute : null
2026-09-05 19:19:57.730 [main] INFO  com.alibaba.nacos.client.naming - initializer namespace from ALIBABA_ALIWARE_NAMESPACE attribute :null
2026-09-05 19:19:57.731 [main] INFO  com.alibaba.nacos.client.naming - initializer namespace from namespace attribute :null
2026-09-05 19:19:57.773 [main] INFO  com.alibaba.nacos.client.utils.ParamUtil - [settings] [req-serv] nacos-server port:8848
2026-09-05 19:19:57.773 [main] INFO  com.alibaba.nacos.client.utils.ParamUtil - [settings] [http-client] connect timeout:1000
2026-09-05 19:19:57.775 [main] INFO  com.alibaba.nacos.client.utils.ParamUtil - PER_TASK_CONFIG_SIZE: 3000.0
2026-09-05 19:19:57.785 [main] INFO  c.a.n.p.auth.spi.client.ClientAuthPluginManager - [ClientAuthPluginManager] Load ClientAuthService com.alibaba.nacos.client.auth.impl.NacosClientAuthServiceImpl success.
2026-09-05 19:19:57.785 [main] INFO  c.a.n.p.auth.spi.client.ClientAuthPluginManager - [ClientAuthPluginManager] Load ClientAuthService com.alibaba.nacos.client.auth.ram.RamClientAuthServiceImpl success.
2026-09-05 19:19:57.790 [main] INFO  c.a.n.client.auth.ram.identify.CredentialWatcher - null No credential found
2026-09-05 19:19:57.806 [main] INFO  com.alibaba.nacos.common.remote.client - [RpcClientFactory] create a new rpc client of 19fd603a-02f6-483d-b277-b1008e497a68
2026-09-05 19:19:57.836 [main] INFO  com.alibaba.nacos.common.remote.client - [19fd603a-02f6-483d-b277-b1008e497a68] RpcClient init, ServerListFactory = com.alibaba.nacos.client.naming.core.ServerListManager
2026-09-05 19:19:57.836 [main] INFO  com.alibaba.nacos.common.remote.client - [19fd603a-02f6-483d-b277-b1008e497a68] Registry connection listener to current client:com.alibaba.nacos.client.naming.remote.gprc.redo.NamingGrpcRedoService
2026-09-05 19:19:57.836 [main] INFO  com.alibaba.nacos.common.remote.client - [19fd603a-02f6-483d-b277-b1008e497a68] Register server push request handler:com.alibaba.nacos.client.naming.remote.gprc.NamingPushRequestHandler
2026-09-05 19:19:57.841 [main] INFO  com.alibaba.nacos.common.remote.client - [19fd603a-02f6-483d-b277-b1008e497a68] Try to connect to server on start up, server: {serverIp = '127.0.0.1', server main port = 8848}
2026-09-05 19:19:57.885 [main] INFO  c.a.nacos.common.remote.client.grpc.GrpcClient - grpc client connection server:127.0.0.1 ip,serverPort:9848,grpcTslConfig:{"sslProvider":"OPENSSL","enableTls":false,"mutualAuthEnable":false,"trustAll":false}
2026-09-05 19:20:00.466 [main] INFO  com.alibaba.nacos.common.remote.client - [19fd603a-02f6-483d-b277-b1008e497a68] Success to connect to server [127.0.0.1:8848] on start up, connectionId = 1788607200142_172.17.0.1_59550
2026-09-05 19:20:00.469 [com.alibaba.nacos.client.remote.worker] INFO  com.alibaba.nacos.common.remote.client - [19fd603a-02f6-483d-b277-b1008e497a68] Notify connected event to listeners.
2026-09-05 19:20:00.469 [com.alibaba.nacos.client.remote.worker] INFO  com.alibaba.nacos.client.naming - Grpc connection connect
2026-09-05 19:20:00.470 [main] INFO  com.alibaba.nacos.common.remote.client - [19fd603a-02f6-483d-b277-b1008e497a68] Register server push request handler:com.alibaba.nacos.common.remote.client.RpcClient$ConnectResetRequestHandler
2026-09-05 19:20:00.470 [main] INFO  com.alibaba.nacos.common.remote.client - [19fd603a-02f6-483d-b277-b1008e497a68] Register server push request handler:com.alibaba.nacos.common.remote.client.RpcClient$$Lambda$911/0x0000024f1d66ae70
2026-09-05 19:20:00.475 [main] INFO  com.alibaba.nacos.client.naming - [REGISTER-SERVICE] xiaojiashu registering service xiaojiashu-oss with instance Instance{instanceId='null', ip='192.168.52.36', port=8081, weight=1.0, healthy=true, enabled=true, ephemeral=true, clusterName='DEFAULT', serviceName='null', metadata={IPv6=null, preserved.register.source=SPRING_CLOUD}}
2026-09-05 19:20:00.513 [main] INFO  c.a.cloud.nacos.registry.NacosServiceRegistry - nacos registry, DEFAULT_GROUP xiaojiashu-oss 192.168.52.36:8081 register finished
2026-09-05 19:20:00.923 [main] INFO  c.j.xiaojiashu.oss.biz.XiaojiashuOssApplication - Started XiaojiashuOssApplication in 14.16 seconds (process running for 14.888)
2026-09-05 19:22:26.145 [Thread-7] WARN  com.alibaba.nacos.common.notify.NotifyCenter - [NotifyCenter] Start destroying Publisher
2026-09-05 19:22:26.145 [Thread-10] WARN  c.alibaba.nacos.common.http.HttpClientBeanHolder - [HttpClientBeanHolder] Start destroying common HttpClient
2026-09-05 19:22:26.149 [Thread-7] WARN  com.alibaba.nacos.common.notify.NotifyCenter - [NotifyCenter] Destruction of the end
2026-09-05 19:22:26.150 [Thread-10] WARN  c.alibaba.nacos.common.http.HttpClientBeanHolder - [HttpClientBeanHolder] Destruction of the end
2026-09-05 19:22:26.223 [SpringApplicationShutdownHook] INFO  c.a.cloud.nacos.registry.NacosServiceRegistry - De-registering from Nacos Server now...
2026-09-05 19:22:26.223 [SpringApplicationShutdownHook] INFO  com.alibaba.nacos.client.naming - [DEREGISTER-SERVICE] xiaojiashu deregistering service xiaojiashu-oss with instance: Instance{instanceId='null', ip='192.168.52.36', port=8081, weight=1.0, healthy=true, enabled=true, ephemeral=true, clusterName='DEFAULT', serviceName='null', metadata={}}
2026-09-05 19:22:26.396 [SpringApplicationShutdownHook] INFO  c.a.cloud.nacos.registry.NacosServiceRegistry - De-registration finished.
2026-09-05 19:22:26.396 [SpringApplicationShutdownHook] INFO  com.alibaba.nacos.client.naming - com.alibaba.nacos.client.naming.cache.ServiceInfoHolder do shutdown begin
2026-09-05 19:22:26.397 [SpringApplicationShutdownHook] INFO  com.alibaba.nacos.client.naming - com.alibaba.nacos.client.naming.backups.FailoverReactor do shutdown begin
2026-09-05 19:22:26.397 [SpringApplicationShutdownHook] INFO  com.alibaba.nacos.client.naming - com.alibaba.nacos.client.naming.backups.FailoverReactor do shutdown stop
2026-09-05 19:22:26.397 [SpringApplicationShutdownHook] INFO  com.alibaba.nacos.client.naming - com.alibaba.nacos.client.naming.cache.ServiceInfoHolder do shutdown stop
2026-09-05 19:22:26.397 [SpringApplicationShutdownHook] INFO  com.alibaba.nacos.client.naming - com.alibaba.nacos.client.naming.remote.NamingClientProxyDelegate do shutdown begin
2026-09-05 19:22:26.397 [SpringApplicationShutdownHook] INFO  com.alibaba.nacos.client.naming - com.alibaba.nacos.client.naming.core.ServiceInfoUpdateService do shutdown begin
2026-09-05 19:22:26.397 [SpringApplicationShutdownHook] INFO  com.alibaba.nacos.client.naming - com.alibaba.nacos.client.naming.core.ServiceInfoUpdateService do shutdown stop
2026-09-05 19:22:26.398 [SpringApplicationShutdownHook] INFO  com.alibaba.nacos.client.naming - com.alibaba.nacos.client.naming.core.ServerListManager do shutdown begin
2026-09-05 19:22:26.398 [SpringApplicationShutdownHook] WARN  com.alibaba.nacos.client.naming - [NamingHttpClientManager] Start destroying NacosRestTemplate
2026-09-05 19:22:26.399 [SpringApplicationShutdownHook] WARN  com.alibaba.nacos.client.naming - [NamingHttpClientManager] Destruction of the end
2026-09-05 19:22:26.399 [SpringApplicationShutdownHook] INFO  com.alibaba.nacos.client.naming - com.alibaba.nacos.client.naming.core.ServerListManager do shutdown stop
2026-09-05 19:22:26.399 [SpringApplicationShutdownHook] INFO  com.alibaba.nacos.client.naming - com.alibaba.nacos.client.naming.remote.http.NamingHttpClientProxy do shutdown begin
2026-09-05 19:22:26.399 [SpringApplicationShutdownHook] WARN  com.alibaba.nacos.client.naming - [NamingHttpClientManager] Start destroying NacosRestTemplate
2026-09-05 19:22:26.399 [SpringApplicationShutdownHook] WARN  com.alibaba.nacos.client.naming - [NamingHttpClientManager] Destruction of the end
2026-09-05 19:22:26.399 [SpringApplicationShutdownHook] INFO  com.alibaba.nacos.client.naming - com.alibaba.nacos.client.naming.remote.http.NamingHttpClientProxy do shutdown stop
2026-09-05 19:22:26.399 [SpringApplicationShutdownHook] INFO  com.alibaba.nacos.common.remote.client - Shutdown rpc client, set status to shutdown
2026-09-05 19:22:26.399 [SpringApplicationShutdownHook] INFO  com.alibaba.nacos.common.remote.client - Shutdown client event executor java.util.concurrent.ScheduledThreadPoolExecutor@325082b5[Running, pool size = 2, active threads = 2, queued tasks = 0, completed tasks = 0]
2026-09-05 19:22:26.400 [SpringApplicationShutdownHook] INFO  com.alibaba.nacos.common.remote.client - Close current connection 1788607200142_172.17.0.1_59550
2026-09-05 19:22:26.408 [nacos-grpc-client-executor-127.0.0.1-50] WARN  c.a.nacos.common.remote.client.grpc.GrpcClient - [1788607200142_172.17.0.1_59550]Ignore error event,isRunning:false,isAbandon=false
2026-09-05 19:22:26.410 [SpringApplicationShutdownHook] INFO  c.a.nacos.common.remote.client.grpc.GrpcClient - Shutdown grpc executor java.util.concurrent.ThreadPoolExecutor@547a5389[Running, pool size = 5, active threads = 0, queued tasks = 0, completed tasks = 51]
2026-09-05 19:22:26.410 [SpringApplicationShutdownHook] INFO  com.alibaba.nacos.client.naming - Shutdown grpc redo service executor java.util.concurrent.ScheduledThreadPoolExecutor@5f1c2fcf[Running, pool size = 1, active threads = 0, queued tasks = 1, completed tasks = 49]
2026-09-05 19:22:26.411 [SpringApplicationShutdownHook] INFO  c.a.n.client.auth.ram.identify.CredentialWatcher - [null] CredentialWatcher is stopped
2026-09-05 19:22:26.411 [SpringApplicationShutdownHook] INFO  c.a.n.client.auth.ram.identify.CredentialService - [null] CredentialService is freed
2026-09-05 19:22:26.411 [SpringApplicationShutdownHook] INFO  com.alibaba.nacos.client.naming - com.alibaba.nacos.client.naming.remote.NamingClientProxyDelegate do shutdown stop
2026-09-05 19:22:34.633 [main] WARN  com.alibaba.nacos.client.logging.NacosLogging - Load Logback Configuration of Nacos fail, message: Could not initialize Logback Nacos logging from classpath:nacos-logback.xml
2026-09-05 19:22:34.774 [main] WARN  com.alibaba.nacos.client.logging.NacosLogging - Load Logback Configuration of Nacos fail, message: Could not initialize Logback Nacos logging from classpath:nacos-logback.xml
2026-09-05 19:22:35.420 [main] WARN  com.alibaba.nacos.client.logging.NacosLogging - Load Logback Configuration of Nacos fail, message: Could not initialize Logback Nacos logging from classpath:nacos-logback.xml
2026-09-05 19:22:35.429 [main] INFO  com.alibaba.nacos.client.utils.ParamUtil - [settings] [req-serv] nacos-server port:8848
2026-09-05 19:22:35.429 [main] INFO  com.alibaba.nacos.client.utils.ParamUtil - [settings] [http-client] connect timeout:1000
2026-09-05 19:22:35.437 [main] INFO  com.alibaba.nacos.client.utils.ParamUtil - PER_TASK_CONFIG_SIZE: 3000.0
2026-09-05 19:22:35.685 [main] INFO  c.a.n.p.auth.spi.client.ClientAuthPluginManager - [ClientAuthPluginManager] Load ClientAuthService com.alibaba.nacos.client.auth.impl.NacosClientAuthServiceImpl success.
2026-09-05 19:22:35.686 [main] INFO  c.a.n.p.auth.spi.client.ClientAuthPluginManager - [ClientAuthPluginManager] Load ClientAuthService com.alibaba.nacos.client.auth.ram.RamClientAuthServiceImpl success.
2026-09-05 19:22:35.706 [main] INFO  c.a.n.client.auth.ram.identify.CredentialWatcher - null No credential found
2026-09-05 19:22:38.225 [main] WARN  com.alibaba.nacos.client.logging.NacosLogging - Load Logback Configuration of Nacos fail, message: Could not initialize Logback Nacos logging from classpath:nacos-logback.xml
2026-09-05 19:22:38.302 [main] INFO  c.a.n.client.config.impl.LocalConfigInfoProcessor - LOCAL_SNAPSHOT_PATH:C:\Users\LENOVO\nacos\config
2026-09-05 19:22:38.324 [main] INFO  com.alibaba.nacos.common.remote.client - [RpcClientFactory] create a new rpc client of 4bb0ec28-4b19-4bfa-8575-bb70436299ae_config-0
2026-09-05 19:22:38.459 [main] INFO  com.alibaba.nacos.common.remote.client - [4bb0ec28-4b19-4bfa-8575-bb70436299ae_config-0] Register server push request handler:com.alibaba.nacos.client.config.impl.ClientWorker$ConfigRpcTransportClient$$Lambda$582/0x0000027a2f3901f8
2026-09-05 19:22:38.460 [main] INFO  com.alibaba.nacos.common.remote.client - [4bb0ec28-4b19-4bfa-8575-bb70436299ae_config-0] Register server push request handler:com.alibaba.nacos.client.config.impl.ClientWorker$ConfigRpcTransportClient$$Lambda$583/0x0000027a2f390618
2026-09-05 19:22:38.464 [main] INFO  com.alibaba.nacos.common.remote.client - [4bb0ec28-4b19-4bfa-8575-bb70436299ae_config-0] Registry connection listener to current client:com.alibaba.nacos.client.config.impl.ClientWorker$ConfigRpcTransportClient$1
2026-09-05 19:22:38.466 [main] INFO  com.alibaba.nacos.common.remote.client - [4bb0ec28-4b19-4bfa-8575-bb70436299ae_config-0] RpcClient init, ServerListFactory = com.alibaba.nacos.client.config.impl.ClientWorker$ConfigRpcTransportClient$2
2026-09-05 19:22:38.513 [main] INFO  com.alibaba.nacos.common.remote.client - [4bb0ec28-4b19-4bfa-8575-bb70436299ae_config-0] Try to connect to server on start up, server: {serverIp = '127.0.0.1', server main port = 8848}
2026-09-05 19:22:38.710 [main] INFO  c.a.nacos.common.remote.client.grpc.GrpcClient - grpc client connection server:127.0.0.1 ip,serverPort:9848,grpcTslConfig:{"sslProvider":"OPENSSL","enableTls":false,"mutualAuthEnable":false,"trustAll":false}
2026-09-05 19:22:43.712 [main] INFO  com.alibaba.nacos.common.remote.client - [4bb0ec28-4b19-4bfa-8575-bb70436299ae_config-0] Success to connect to server [127.0.0.1:8848] on start up, connectionId = 1788607363302_172.17.0.1_43586
2026-09-05 19:22:43.714 [com.alibaba.nacos.client.remote.worker] INFO  com.alibaba.nacos.common.remote.client - [4bb0ec28-4b19-4bfa-8575-bb70436299ae_config-0] Notify connected event to listeners.
2026-09-05 19:22:43.715 [com.alibaba.nacos.client.remote.worker] INFO  com.alibaba.nacos.client.config.impl.ClientWorker - [4bb0ec28-4b19-4bfa-8575-bb70436299ae_config-0] Connected,notify listen context...
2026-09-05 19:22:43.716 [main] INFO  com.alibaba.nacos.common.remote.client - [4bb0ec28-4b19-4bfa-8575-bb70436299ae_config-0] Register server push request handler:com.alibaba.nacos.common.remote.client.RpcClient$ConnectResetRequestHandler
2026-09-05 19:22:43.717 [main] INFO  com.alibaba.nacos.common.remote.client - [4bb0ec28-4b19-4bfa-8575-bb70436299ae_config-0] Register server push request handler:com.alibaba.nacos.common.remote.client.RpcClient$$Lambda$604/0x0000027a2f4dac38
2026-09-05 19:22:43.969 [main] INFO  com.alibaba.nacos.client.config.impl.Limiter - limitTime:5.0
2026-09-05 19:22:44.044 [main] WARN  c.a.cloud.nacos.client.NacosPropertySourceBuilder - Ignore the empty nacos configuration and get it based on dataId[xiaojiashu-oss] & group[DEFAULT_GROUP]
2026-09-05 19:22:44.077 [main] WARN  c.a.cloud.nacos.client.NacosPropertySourceBuilder - Ignore the empty nacos configuration and get it based on dataId[xiaojiashu-oss.yaml] & group[DEFAULT_GROUP]
2026-09-05 19:22:44.187 [main] INFO  com.alibaba.nacos.client.config.utils.JvmUtil - isMultiInstance:false
2026-09-05 19:22:44.219 [main] INFO  o.s.c.b.c.PropertySourceBootstrapConfiguration - Located property source: [BootstrapPropertySource {name='bootstrapProperties-xiaojiashu-oss-dev.yaml,DEFAULT_GROUP'}, BootstrapPropertySource {name='bootstrapProperties-xiaojiashu-oss.yaml,DEFAULT_GROUP'}, BootstrapPropertySource {name='bootstrapProperties-xiaojiashu-oss,DEFAULT_GROUP'}]
2026-09-05 19:22:44.234 [main] WARN  com.alibaba.nacos.client.logging.NacosLogging - Load Logback Configuration of Nacos fail, message: Could not initialize Logback Nacos logging from classpath:nacos-logback.xml
2026-09-05 19:22:44.236 [main] INFO  c.j.xiaojiashu.oss.biz.XiaojiashuOssApplication - The following 1 profile is active: "dev"
2026-09-05 19:22:46.161 [main] INFO  o.springframework.cloud.context.scope.GenericScope - BeanFactory id=3be1a724-be57-3077-a870-81ca34a58ed2
2026-09-05 19:22:47.032 [main] INFO  o.s.boot.web.embedded.tomcat.TomcatWebServer - Tomcat initialized with port(s): 8081 (http)
2026-09-05 19:22:47.064 [main] INFO  org.apache.catalina.core.StandardService - Starting service [Tomcat]
2026-09-05 19:22:47.066 [main] INFO  org.apache.catalina.core.StandardEngine - Starting Servlet engine: [Apache Tomcat/10.1.5]
2026-09-05 19:22:47.343 [main] INFO  o.a.c.core.ContainerBase.[Tomcat].[localhost].[/] - Initializing Spring embedded WebApplicationContext
2026-09-05 19:22:47.345 [main] INFO  o.s.b.w.s.c.ServletWebServerApplicationContext - Root WebApplicationContext: initialization completed in 3070 ms
2026-09-05 19:22:50.737 [main] INFO  o.s.boot.web.embedded.tomcat.TomcatWebServer - Tomcat started on port(s): 8081 (http) with context path ''
2026-09-05 19:22:50.745 [main] INFO  com.alibaba.nacos.client.naming - initializer namespace from ans.namespace attribute : null
2026-09-05 19:22:50.745 [main] INFO  com.alibaba.nacos.client.naming - initializer namespace from ALIBABA_ALIWARE_NAMESPACE attribute :null
2026-09-05 19:22:50.745 [main] INFO  com.alibaba.nacos.client.naming - initializer namespace from namespace attribute :null
2026-09-05 19:22:50.760 [main] INFO  c.a.n.p.auth.spi.client.ClientAuthPluginManager - [ClientAuthPluginManager] Load ClientAuthService com.alibaba.nacos.client.auth.impl.NacosClientAuthServiceImpl success.
2026-09-05 19:22:50.761 [main] INFO  c.a.n.p.auth.spi.client.ClientAuthPluginManager - [ClientAuthPluginManager] Load ClientAuthService com.alibaba.nacos.client.auth.ram.RamClientAuthServiceImpl success.
2026-09-05 19:22:50.767 [main] INFO  com.alibaba.nacos.common.remote.client - [RpcClientFactory] create a new rpc client of 85c2b40b-77b9-4a6e-8afd-c4f35f645518
2026-09-05 19:22:50.769 [main] INFO  com.alibaba.nacos.common.remote.client - [85c2b40b-77b9-4a6e-8afd-c4f35f645518] RpcClient init, ServerListFactory = com.alibaba.nacos.client.naming.core.ServerListManager
2026-09-05 19:22:50.771 [main] INFO  com.alibaba.nacos.common.remote.client - [85c2b40b-77b9-4a6e-8afd-c4f35f645518] Registry connection listener to current client:com.alibaba.nacos.client.naming.remote.gprc.redo.NamingGrpcRedoService
2026-09-05 19:22:50.772 [main] INFO  com.alibaba.nacos.common.remote.client - [85c2b40b-77b9-4a6e-8afd-c4f35f645518] Register server push request handler:com.alibaba.nacos.client.naming.remote.gprc.NamingPushRequestHandler
2026-09-05 19:22:50.772 [main] INFO  com.alibaba.nacos.common.remote.client - [85c2b40b-77b9-4a6e-8afd-c4f35f645518] Try to connect to server on start up, server: {serverIp = '127.0.0.1', server main port = 8848}
2026-09-05 19:22:50.773 [main] INFO  c.a.nacos.common.remote.client.grpc.GrpcClient - grpc client connection server:127.0.0.1 ip,serverPort:9848,grpcTslConfig:{"sslProvider":"OPENSSL","enableTls":false,"mutualAuthEnable":false,"trustAll":false}
2026-09-05 19:22:50.937 [main] INFO  com.alibaba.nacos.common.remote.client - [85c2b40b-77b9-4a6e-8afd-c4f35f645518] Success to connect to server [127.0.0.1:8848] on start up, connectionId = 1788607370816_172.17.0.1_39922
2026-09-05 19:22:50.937 [main] INFO  com.alibaba.nacos.common.remote.client - [85c2b40b-77b9-4a6e-8afd-c4f35f645518] Register server push request handler:com.alibaba.nacos.common.remote.client.RpcClient$ConnectResetRequestHandler
2026-09-05 19:22:50.938 [main] INFO  com.alibaba.nacos.common.remote.client - [85c2b40b-77b9-4a6e-8afd-c4f35f645518] Register server push request handler:com.alibaba.nacos.common.remote.client.RpcClient$$Lambda$604/0x0000027a2f4dac38
2026-09-05 19:22:50.938 [com.alibaba.nacos.client.remote.worker] INFO  com.alibaba.nacos.common.remote.client - [85c2b40b-77b9-4a6e-8afd-c4f35f645518] Notify connected event to listeners.
2026-09-05 19:22:50.938 [com.alibaba.nacos.client.remote.worker] INFO  com.alibaba.nacos.client.naming - Grpc connection connect
2026-09-05 19:22:50.940 [main] INFO  com.alibaba.nacos.client.naming - [REGISTER-SERVICE] xiaojiashu registering service xiaojiashu-oss with instance Instance{instanceId='null', ip='192.168.52.36', port=8081, weight=1.0, healthy=true, enabled=true, ephemeral=true, clusterName='DEFAULT', serviceName='null', metadata={IPv6=null, preserved.register.source=SPRING_CLOUD}}
2026-09-05 19:22:50.963 [main] INFO  c.a.cloud.nacos.registry.NacosServiceRegistry - nacos registry, DEFAULT_GROUP xiaojiashu-oss 192.168.52.36:8081 register finished
2026-09-05 19:22:51.845 [main] INFO  c.j.xiaojiashu.oss.biz.XiaojiashuOssApplication - Started XiaojiashuOssApplication in 19.046 seconds (process running for 19.86)
2026-09-05 19:22:51.854 [main] INFO  com.alibaba.nacos.client.config.impl.CacheData - nacos.cache.data.init.snapshot = true 
2026-09-05 19:22:51.856 [main] INFO  com.alibaba.nacos.client.config.impl.ClientWorker - [fixed-xiaojiashu-127.0.0.1_8848] [subscribe] xiaojiashu-oss.yaml+DEFAULT_GROUP+xiaojiashu
2026-09-05 19:22:51.904 [main] INFO  com.alibaba.nacos.client.config.impl.CacheData - [fixed-xiaojiashu-127.0.0.1_8848] [add-listener] ok, tenant=xiaojiashu, dataId=xiaojiashu-oss.yaml, group=DEFAULT_GROUP, cnt=1
2026-09-05 19:22:51.904 [main] INFO  c.a.cloud.nacos.refresh.NacosContextRefresher - [Nacos Config] Listening config: dataId=xiaojiashu-oss.yaml, group=DEFAULT_GROUP
2026-09-05 19:22:51.927 [main] INFO  com.alibaba.nacos.client.config.impl.ClientWorker - [fixed-xiaojiashu-127.0.0.1_8848] [subscribe] xiaojiashu-oss-dev.yaml+DEFAULT_GROUP+xiaojiashu
2026-09-05 19:22:51.928 [main] INFO  com.alibaba.nacos.client.config.impl.CacheData - [fixed-xiaojiashu-127.0.0.1_8848] [add-listener] ok, tenant=xiaojiashu, dataId=xiaojiashu-oss-dev.yaml, group=DEFAULT_GROUP, cnt=1
2026-09-05 19:22:51.928 [main] INFO  c.a.cloud.nacos.refresh.NacosContextRefresher - [Nacos Config] Listening config: dataId=xiaojiashu-oss-dev.yaml, group=DEFAULT_GROUP
2026-09-05 19:22:51.930 [main] INFO  com.alibaba.nacos.client.config.impl.ClientWorker - [fixed-xiaojiashu-127.0.0.1_8848] [subscribe] xiaojiashu-oss+DEFAULT_GROUP+xiaojiashu
2026-09-05 19:22:51.930 [main] INFO  com.alibaba.nacos.client.config.impl.CacheData - [fixed-xiaojiashu-127.0.0.1_8848] [add-listener] ok, tenant=xiaojiashu, dataId=xiaojiashu-oss, group=DEFAULT_GROUP, cnt=1
2026-09-05 19:22:51.930 [main] INFO  c.a.cloud.nacos.refresh.NacosContextRefresher - [Nacos Config] Listening config: dataId=xiaojiashu-oss, group=DEFAULT_GROUP
2026-09-05 19:22:54.186 [http-nio-8081-exec-3] INFO  o.a.c.core.ContainerBase.[Tomcat].[localhost].[/] - Initializing Spring DispatcherServlet 'dispatcherServlet'
2026-09-05 19:22:54.187 [http-nio-8081-exec-3] INFO  org.springframework.web.servlet.DispatcherServlet - Initializing Servlet 'dispatcherServlet'
2026-09-05 19:22:54.190 [http-nio-8081-exec-3] INFO  org.springframework.web.servlet.DispatcherServlet - Completed initialization in 3 ms
2026-09-05 19:22:54.444 [http-nio-8081-exec-3] INFO  c.j.x.oss.biz.strategy.Impl.MinioFileStrategy - ## 上传文件至 Minio ...
2026-09-05 19:32:03.751 [Thread-2] WARN  c.alibaba.nacos.common.http.HttpClientBeanHolder - [HttpClientBeanHolder] Start destroying common HttpClient
2026-09-05 19:32:03.751 [Thread-9] WARN  com.alibaba.nacos.common.notify.NotifyCenter - [NotifyCenter] Start destroying Publisher
2026-09-05 19:32:03.754 [Thread-9] WARN  com.alibaba.nacos.common.notify.NotifyCenter - [NotifyCenter] Destruction of the end
2026-09-05 19:32:03.755 [Thread-2] WARN  c.alibaba.nacos.common.http.HttpClientBeanHolder - [HttpClientBeanHolder] Destruction of the end
2026-09-05 19:32:03.801 [SpringApplicationShutdownHook] INFO  c.a.cloud.nacos.registry.NacosServiceRegistry - De-registering from Nacos Server now...
2026-09-05 19:32:03.802 [SpringApplicationShutdownHook] INFO  com.alibaba.nacos.client.naming - [DEREGISTER-SERVICE] xiaojiashu deregistering service xiaojiashu-oss with instance: Instance{instanceId='null', ip='192.168.52.36', port=8081, weight=1.0, healthy=true, enabled=true, ephemeral=true, clusterName='DEFAULT', serviceName='null', metadata={}}
2026-09-05 19:32:03.808 [SpringApplicationShutdownHook] INFO  c.a.cloud.nacos.registry.NacosServiceRegistry - De-registration finished.
2026-09-05 19:32:03.808 [SpringApplicationShutdownHook] INFO  com.alibaba.nacos.client.naming - com.alibaba.nacos.client.naming.cache.ServiceInfoHolder do shutdown begin
2026-09-05 19:32:03.808 [SpringApplicationShutdownHook] INFO  com.alibaba.nacos.client.naming - com.alibaba.nacos.client.naming.backups.FailoverReactor do shutdown begin
2026-09-05 19:32:03.808 [SpringApplicationShutdownHook] INFO  com.alibaba.nacos.client.naming - com.alibaba.nacos.client.naming.backups.FailoverReactor do shutdown stop
2026-09-05 19:32:03.808 [SpringApplicationShutdownHook] INFO  com.alibaba.nacos.client.naming - com.alibaba.nacos.client.naming.cache.ServiceInfoHolder do shutdown stop
2026-09-05 19:32:03.808 [SpringApplicationShutdownHook] INFO  com.alibaba.nacos.client.naming - com.alibaba.nacos.client.naming.remote.NamingClientProxyDelegate do shutdown begin
2026-09-05 19:32:03.808 [SpringApplicationShutdownHook] INFO  com.alibaba.nacos.client.naming - com.alibaba.nacos.client.naming.core.ServiceInfoUpdateService do shutdown begin
2026-09-05 19:32:03.808 [SpringApplicationShutdownHook] INFO  com.alibaba.nacos.client.naming - com.alibaba.nacos.client.naming.core.ServiceInfoUpdateService do shutdown stop
2026-09-05 19:32:03.809 [SpringApplicationShutdownHook] INFO  com.alibaba.nacos.client.naming - com.alibaba.nacos.client.naming.core.ServerListManager do shutdown begin
2026-09-05 19:32:03.809 [SpringApplicationShutdownHook] WARN  com.alibaba.nacos.client.naming - [NamingHttpClientManager] Start destroying NacosRestTemplate
2026-09-05 19:32:03.809 [SpringApplicationShutdownHook] WARN  com.alibaba.nacos.client.naming - [NamingHttpClientManager] Destruction of the end
2026-09-05 19:32:03.809 [SpringApplicationShutdownHook] INFO  com.alibaba.nacos.client.naming - com.alibaba.nacos.client.naming.core.ServerListManager do shutdown stop
2026-09-05 19:32:03.809 [SpringApplicationShutdownHook] INFO  com.alibaba.nacos.client.naming - com.alibaba.nacos.client.naming.remote.http.NamingHttpClientProxy do shutdown begin
2026-09-05 19:32:03.809 [SpringApplicationShutdownHook] WARN  com.alibaba.nacos.client.naming - [NamingHttpClientManager] Start destroying NacosRestTemplate
2026-09-05 19:32:03.809 [SpringApplicationShutdownHook] WARN  com.alibaba.nacos.client.naming - [NamingHttpClientManager] Destruction of the end
2026-09-05 19:32:03.809 [SpringApplicationShutdownHook] INFO  com.alibaba.nacos.client.naming - com.alibaba.nacos.client.naming.remote.http.NamingHttpClientProxy do shutdown stop
2026-09-05 19:32:03.809 [SpringApplicationShutdownHook] INFO  com.alibaba.nacos.common.remote.client - Shutdown rpc client, set status to shutdown
2026-09-05 19:32:03.809 [SpringApplicationShutdownHook] INFO  com.alibaba.nacos.common.remote.client - Shutdown client event executor java.util.concurrent.ScheduledThreadPoolExecutor@318bdb8e[Running, pool size = 2, active threads = 2, queued tasks = 0, completed tasks = 0]
2026-09-05 19:32:03.809 [SpringApplicationShutdownHook] INFO  com.alibaba.nacos.common.remote.client - Close current connection 1788607370816_172.17.0.1_39922
2026-09-05 19:32:03.814 [nacos-grpc-client-executor-127.0.0.1-121] INFO  c.a.nacos.common.remote.client.grpc.GrpcClient - [1788607370816_172.17.0.1_39922]Ignore complete event,isRunning:false,isAbandon=false
2026-09-05 19:32:03.816 [SpringApplicationShutdownHook] INFO  c.a.nacos.common.remote.client.grpc.GrpcClient - Shutdown grpc executor java.util.concurrent.ThreadPoolExecutor@108ec975[Running, pool size = 4, active threads = 0, queued tasks = 0, completed tasks = 122]
2026-09-05 19:32:03.816 [SpringApplicationShutdownHook] INFO  com.alibaba.nacos.client.naming - Shutdown grpc redo service executor java.util.concurrent.ScheduledThreadPoolExecutor@34c939[Running, pool size = 1, active threads = 0, queued tasks = 1, completed tasks = 183]
2026-09-05 19:32:03.817 [SpringApplicationShutdownHook] INFO  c.a.n.client.auth.ram.identify.CredentialWatcher - [null] CredentialWatcher is stopped
2026-09-05 19:32:03.817 [SpringApplicationShutdownHook] INFO  c.a.n.client.auth.ram.identify.CredentialService - [null] CredentialService is freed
2026-09-05 19:32:03.817 [SpringApplicationShutdownHook] INFO  com.alibaba.nacos.client.naming - com.alibaba.nacos.client.naming.remote.NamingClientProxyDelegate do shutdown stop
2026-09-05 19:32:11.728 [main] WARN  com.alibaba.nacos.client.logging.NacosLogging - Load Logback Configuration of Nacos fail, message: Could not initialize Logback Nacos logging from classpath:nacos-logback.xml
2026-09-05 19:32:11.797 [main] WARN  com.alibaba.nacos.client.logging.NacosLogging - Load Logback Configuration of Nacos fail, message: Could not initialize Logback Nacos logging from classpath:nacos-logback.xml
2026-09-05 19:32:12.187 [main] WARN  com.alibaba.nacos.client.logging.NacosLogging - Load Logback Configuration of Nacos fail, message: Could not initialize Logback Nacos logging from classpath:nacos-logback.xml
2026-09-05 19:32:12.190 [main] INFO  com.alibaba.nacos.client.utils.ParamUtil - [settings] [req-serv] nacos-server port:8848
2026-09-05 19:32:12.191 [main] INFO  com.alibaba.nacos.client.utils.ParamUtil - [settings] [http-client] connect timeout:1000
2026-09-05 19:32:12.195 [main] INFO  com.alibaba.nacos.client.utils.ParamUtil - PER_TASK_CONFIG_SIZE: 3000.0
2026-09-05 19:32:12.291 [main] INFO  c.a.n.p.auth.spi.client.ClientAuthPluginManager - [ClientAuthPluginManager] Load ClientAuthService com.alibaba.nacos.client.auth.impl.NacosClientAuthServiceImpl success.
2026-09-05 19:32:12.291 [main] INFO  c.a.n.p.auth.spi.client.ClientAuthPluginManager - [ClientAuthPluginManager] Load ClientAuthService com.alibaba.nacos.client.auth.ram.RamClientAuthServiceImpl success.
2026-09-05 19:32:12.304 [main] INFO  c.a.n.client.auth.ram.identify.CredentialWatcher - null No credential found
2026-09-05 19:32:14.420 [main] WARN  com.alibaba.nacos.client.logging.NacosLogging - Load Logback Configuration of Nacos fail, message: Could not initialize Logback Nacos logging from classpath:nacos-logback.xml
2026-09-05 19:32:14.454 [main] INFO  c.a.n.client.config.impl.LocalConfigInfoProcessor - LOCAL_SNAPSHOT_PATH:C:\Users\LENOVO\nacos\config
2026-09-05 19:32:14.471 [main] INFO  com.alibaba.nacos.common.remote.client - [RpcClientFactory] create a new rpc client of 8311f429-2431-47f7-9594-197cc34c90ba_config-0
2026-09-05 19:32:14.513 [main] INFO  com.alibaba.nacos.common.remote.client - [8311f429-2431-47f7-9594-197cc34c90ba_config-0] Register server push request handler:com.alibaba.nacos.client.config.impl.ClientWorker$ConfigRpcTransportClient$$Lambda$583/0x000002a0063915b0
2026-09-05 19:32:14.514 [main] INFO  com.alibaba.nacos.common.remote.client - [8311f429-2431-47f7-9594-197cc34c90ba_config-0] Register server push request handler:com.alibaba.nacos.client.config.impl.ClientWorker$ConfigRpcTransportClient$$Lambda$584/0x000002a0063919d0
2026-09-05 19:32:14.515 [main] INFO  com.alibaba.nacos.common.remote.client - [8311f429-2431-47f7-9594-197cc34c90ba_config-0] Registry connection listener to current client:com.alibaba.nacos.client.config.impl.ClientWorker$ConfigRpcTransportClient$1
2026-09-05 19:32:14.516 [main] INFO  com.alibaba.nacos.common.remote.client - [8311f429-2431-47f7-9594-197cc34c90ba_config-0] RpcClient init, ServerListFactory = com.alibaba.nacos.client.config.impl.ClientWorker$ConfigRpcTransportClient$2
2026-09-05 19:32:14.538 [main] INFO  com.alibaba.nacos.common.remote.client - [8311f429-2431-47f7-9594-197cc34c90ba_config-0] Try to connect to server on start up, server: {serverIp = '127.0.0.1', server main port = 8848}
2026-09-05 19:32:14.633 [main] INFO  c.a.nacos.common.remote.client.grpc.GrpcClient - grpc client connection server:127.0.0.1 ip,serverPort:9848,grpcTslConfig:{"sslProvider":"OPENSSL","enableTls":false,"mutualAuthEnable":false,"trustAll":false}
2026-09-05 19:32:17.168 [main] INFO  com.alibaba.nacos.common.remote.client - [8311f429-2431-47f7-9594-197cc34c90ba_config-0] Success to connect to server [127.0.0.1:8848] on start up, connectionId = 1788607936876_172.17.0.1_38602
2026-09-05 19:32:17.169 [com.alibaba.nacos.client.remote.worker] INFO  com.alibaba.nacos.common.remote.client - [8311f429-2431-47f7-9594-197cc34c90ba_config-0] Notify connected event to listeners.
2026-09-05 19:32:17.169 [com.alibaba.nacos.client.remote.worker] INFO  com.alibaba.nacos.client.config.impl.ClientWorker - [8311f429-2431-47f7-9594-197cc34c90ba_config-0] Connected,notify listen context...
2026-09-05 19:32:17.169 [main] INFO  com.alibaba.nacos.common.remote.client - [8311f429-2431-47f7-9594-197cc34c90ba_config-0] Register server push request handler:com.alibaba.nacos.common.remote.client.RpcClient$ConnectResetRequestHandler
2026-09-05 19:32:17.170 [main] INFO  com.alibaba.nacos.common.remote.client - [8311f429-2431-47f7-9594-197cc34c90ba_config-0] Register server push request handler:com.alibaba.nacos.common.remote.client.RpcClient$$Lambda$605/0x000002a0064d91e8
2026-09-05 19:32:17.241 [main] INFO  com.alibaba.nacos.client.config.impl.Limiter - limitTime:5.0
2026-09-05 19:32:17.273 [main] WARN  c.a.cloud.nacos.client.NacosPropertySourceBuilder - Ignore the empty nacos configuration and get it based on dataId[xiaojiashu-oss] & group[DEFAULT_GROUP]
2026-09-05 19:32:17.289 [main] WARN  c.a.cloud.nacos.client.NacosPropertySourceBuilder - Ignore the empty nacos configuration and get it based on dataId[xiaojiashu-oss.yaml] & group[DEFAULT_GROUP]
2026-09-05 19:32:17.353 [main] INFO  com.alibaba.nacos.client.config.utils.JvmUtil - isMultiInstance:false
2026-09-05 19:32:17.363 [main] INFO  o.s.c.b.c.PropertySourceBootstrapConfiguration - Located property source: [BootstrapPropertySource {name='bootstrapProperties-xiaojiashu-oss-dev.yaml,DEFAULT_GROUP'}, BootstrapPropertySource {name='bootstrapProperties-xiaojiashu-oss.yaml,DEFAULT_GROUP'}, BootstrapPropertySource {name='bootstrapProperties-xiaojiashu-oss,DEFAULT_GROUP'}]
2026-09-05 19:32:17.372 [main] WARN  com.alibaba.nacos.client.logging.NacosLogging - Load Logback Configuration of Nacos fail, message: Could not initialize Logback Nacos logging from classpath:nacos-logback.xml
2026-09-05 19:32:17.373 [main] INFO  c.j.xiaojiashu.oss.biz.XiaojiashuOssApplication - The following 1 profile is active: "dev"
2026-09-05 19:32:18.474 [main] INFO  o.springframework.cloud.context.scope.GenericScope - BeanFactory id=d3e46c9b-4510-3834-a778-3959cc731b3e
2026-09-05 19:32:19.034 [main] INFO  o.s.boot.web.embedded.tomcat.TomcatWebServer - Tomcat initialized with port(s): 8081 (http)
2026-09-05 19:32:19.058 [main] INFO  org.apache.catalina.core.StandardService - Starting service [Tomcat]
2026-09-05 19:32:19.058 [main] INFO  org.apache.catalina.core.StandardEngine - Starting Servlet engine: [Apache Tomcat/10.1.5]
2026-09-05 19:32:19.289 [main] INFO  o.a.c.core.ContainerBase.[Tomcat].[localhost].[/] - Initializing Spring embedded WebApplicationContext
2026-09-05 19:32:19.290 [main] INFO  o.s.b.w.s.c.ServletWebServerApplicationContext - Root WebApplicationContext: initialization completed in 1894 ms
2026-09-05 19:32:23.320 [main] INFO  o.s.boot.web.embedded.tomcat.TomcatWebServer - Tomcat started on port(s): 8081 (http) with context path ''
2026-09-05 19:32:23.330 [main] INFO  com.alibaba.nacos.client.naming - initializer namespace from ans.namespace attribute : null
2026-09-05 19:32:23.332 [main] INFO  com.alibaba.nacos.client.naming - initializer namespace from ALIBABA_ALIWARE_NAMESPACE attribute :null
2026-09-05 19:32:23.333 [main] INFO  com.alibaba.nacos.client.naming - initializer namespace from namespace attribute :null
2026-09-05 19:32:23.362 [main] INFO  c.a.n.p.auth.spi.client.ClientAuthPluginManager - [ClientAuthPluginManager] Load ClientAuthService com.alibaba.nacos.client.auth.impl.NacosClientAuthServiceImpl success.
2026-09-05 19:32:23.362 [main] INFO  c.a.n.p.auth.spi.client.ClientAuthPluginManager - [ClientAuthPluginManager] Load ClientAuthService com.alibaba.nacos.client.auth.ram.RamClientAuthServiceImpl success.
2026-09-05 19:32:23.369 [main] INFO  com.alibaba.nacos.common.remote.client - [RpcClientFactory] create a new rpc client of 724881c0-513f-4e3e-a5fa-34d8883e8833
2026-09-05 19:32:23.373 [main] INFO  com.alibaba.nacos.common.remote.client - [724881c0-513f-4e3e-a5fa-34d8883e8833] RpcClient init, ServerListFactory = com.alibaba.nacos.client.naming.core.ServerListManager
2026-09-05 19:32:23.373 [main] INFO  com.alibaba.nacos.common.remote.client - [724881c0-513f-4e3e-a5fa-34d8883e8833] Registry connection listener to current client:com.alibaba.nacos.client.naming.remote.gprc.redo.NamingGrpcRedoService
2026-09-05 19:32:23.374 [main] INFO  com.alibaba.nacos.common.remote.client - [724881c0-513f-4e3e-a5fa-34d8883e8833] Register server push request handler:com.alibaba.nacos.client.naming.remote.gprc.NamingPushRequestHandler
2026-09-05 19:32:23.375 [main] INFO  com.alibaba.nacos.common.remote.client - [724881c0-513f-4e3e-a5fa-34d8883e8833] Try to connect to server on start up, server: {serverIp = '127.0.0.1', server main port = 8848}
2026-09-05 19:32:23.376 [main] INFO  c.a.nacos.common.remote.client.grpc.GrpcClient - grpc client connection server:127.0.0.1 ip,serverPort:9848,grpcTslConfig:{"sslProvider":"OPENSSL","enableTls":false,"mutualAuthEnable":false,"trustAll":false}
2026-09-05 19:32:23.481 [http-nio-8081-exec-2] INFO  o.a.c.core.ContainerBase.[Tomcat].[localhost].[/] - Initializing Spring DispatcherServlet 'dispatcherServlet'
2026-09-05 19:32:23.481 [http-nio-8081-exec-2] INFO  org.springframework.web.servlet.DispatcherServlet - Initializing Servlet 'dispatcherServlet'
2026-09-05 19:32:23.483 [http-nio-8081-exec-2] INFO  org.springframework.web.servlet.DispatcherServlet - Completed initialization in 2 ms
2026-09-05 19:32:23.510 [main] INFO  com.alibaba.nacos.common.remote.client - [724881c0-513f-4e3e-a5fa-34d8883e8833] Success to connect to server [127.0.0.1:8848] on start up, connectionId = 1788607943386_172.17.0.1_43164
2026-09-05 19:32:23.511 [main] INFO  com.alibaba.nacos.common.remote.client - [724881c0-513f-4e3e-a5fa-34d8883e8833] Register server push request handler:com.alibaba.nacos.common.remote.client.RpcClient$ConnectResetRequestHandler
2026-09-05 19:32:23.511 [com.alibaba.nacos.client.remote.worker] INFO  com.alibaba.nacos.common.remote.client - [724881c0-513f-4e3e-a5fa-34d8883e8833] Notify connected event to listeners.
2026-09-05 19:32:23.511 [main] INFO  com.alibaba.nacos.common.remote.client - [724881c0-513f-4e3e-a5fa-34d8883e8833] Register server push request handler:com.alibaba.nacos.common.remote.client.RpcClient$$Lambda$605/0x000002a0064d91e8
2026-09-05 19:32:23.511 [com.alibaba.nacos.client.remote.worker] INFO  com.alibaba.nacos.client.naming - Grpc connection connect
2026-09-05 19:32:23.513 [main] INFO  com.alibaba.nacos.client.naming - [REGISTER-SERVICE] xiaojiashu registering service xiaojiashu-oss with instance Instance{instanceId='null', ip='192.168.52.36', port=8081, weight=1.0, healthy=true, enabled=true, ephemeral=true, clusterName='DEFAULT', serviceName='null', metadata={IPv6=null, preserved.register.source=SPRING_CLOUD}}
2026-09-05 19:32:23.592 [http-nio-8081-exec-2] INFO  c.j.x.oss.biz.strategy.Impl.MinioFileStrategy - ## 上传文件至 Minio ...
2026-09-05 19:32:23.654 [main] INFO  c.a.cloud.nacos.registry.NacosServiceRegistry - nacos registry, DEFAULT_GROUP xiaojiashu-oss 192.168.52.36:8081 register finished
2026-09-05 19:32:24.121 [http-nio-8081-exec-2] INFO  c.j.x.oss.biz.strategy.Impl.MinioFileStrategy - ==> 上传文件至 Minio 成功，访问路径: http://127.0.0.1:9000/xiaojiashu/d935a36a79eb47fc9944d09bd83f2cb6.jpg
2026-09-05 19:32:24.285 [main] INFO  c.j.xiaojiashu.oss.biz.XiaojiashuOssApplication - Started XiaojiashuOssApplication in 13.567 seconds (process running for 14.22)
2026-09-05 19:32:24.289 [main] INFO  com.alibaba.nacos.client.config.impl.CacheData - nacos.cache.data.init.snapshot = true 
2026-09-05 19:32:24.290 [main] INFO  com.alibaba.nacos.client.config.impl.ClientWorker - [fixed-xiaojiashu-127.0.0.1_8848] [subscribe] xiaojiashu-oss.yaml+DEFAULT_GROUP+xiaojiashu
2026-09-05 19:32:24.303 [main] INFO  com.alibaba.nacos.client.config.impl.CacheData - [fixed-xiaojiashu-127.0.0.1_8848] [add-listener] ok, tenant=xiaojiashu, dataId=xiaojiashu-oss.yaml, group=DEFAULT_GROUP, cnt=1
2026-09-05 19:32:24.304 [main] INFO  c.a.cloud.nacos.refresh.NacosContextRefresher - [Nacos Config] Listening config: dataId=xiaojiashu-oss.yaml, group=DEFAULT_GROUP
2026-09-05 19:32:24.310 [main] INFO  com.alibaba.nacos.client.config.impl.ClientWorker - [fixed-xiaojiashu-127.0.0.1_8848] [subscribe] xiaojiashu-oss-dev.yaml+DEFAULT_GROUP+xiaojiashu
2026-09-05 19:32:24.310 [main] INFO  com.alibaba.nacos.client.config.impl.CacheData - [fixed-xiaojiashu-127.0.0.1_8848] [add-listener] ok, tenant=xiaojiashu, dataId=xiaojiashu-oss-dev.yaml, group=DEFAULT_GROUP, cnt=1
2026-09-05 19:32:24.310 [main] INFO  c.a.cloud.nacos.refresh.NacosContextRefresher - [Nacos Config] Listening config: dataId=xiaojiashu-oss-dev.yaml, group=DEFAULT_GROUP
2026-09-05 19:32:24.311 [main] INFO  com.alibaba.nacos.client.config.impl.ClientWorker - [fixed-xiaojiashu-127.0.0.1_8848] [subscribe] xiaojiashu-oss+DEFAULT_GROUP+xiaojiashu
2026-09-05 19:32:24.312 [main] INFO  com.alibaba.nacos.client.config.impl.CacheData - [fixed-xiaojiashu-127.0.0.1_8848] [add-listener] ok, tenant=xiaojiashu, dataId=xiaojiashu-oss, group=DEFAULT_GROUP, cnt=1
2026-09-05 19:32:24.312 [main] INFO  c.a.cloud.nacos.refresh.NacosContextRefresher - [Nacos Config] Listening config: dataId=xiaojiashu-oss, group=DEFAULT_GROUP
